--- Initializing Game World (Server Mode) ---
Added WoodStore stockpile with 40 Wood.
Added WaterCasks stockpile with 24 Water.
  Added: Liam (Job: Builder) at (2,1)
  Added: Elara (Job: Noble, Rank: Noble Lord) at (5,5)
  Added: Duke William (Job: Noble, Rank: Duke) at (7,7)
  Added: Baroness Sofia (Job: Noble, Rank: Baroness) at (8,8)
  Added: Reeve Thomas (Job: Reeve, Rank: Reeve) at (9,9)
  Added: Bailiff John (Job: Bailiff, Rank: Bailiff) at (1,9)
Simulation thread started.
Simulation thread finished.
Final Time: Day 1, Tick 1/10

Character(Name: Liam, Rank: Worker, Job: Builder, Pos: (2,1), Goal: Goal(Type: IDLE, Prio: 10, Assignee: Liam, Status: PENDING, Params: {}, Orig: SystemAssignment), WO: None, Load: 0/10)
  Supervisor: None;   Subordinates: 0
  Performance: Not Evaluated (Warnings: 0, Last Review: Day N/A)
  Equipped Tool: None
  Final Needs: {'Hunger': 80, 'Thirst': 70, 'Energy': 100, 'Social': 70, 'Safety': 70, 'Belonging': 60, 'Esteem': 50}
  Inventory: {}
  Recent Memories (last 10):
    - Dawn Preparations begins — Citizens rise, stretch, and ready for the day..
    - No build orders available for Builder Duties.

Character(Name: Elara, Rank: Noble Lord, Job: Noble, Pos: (4,5), Goal: Goal(Type: IDLE, Prio: 10, Assignee: Elara, Status: PENDING, Params: {}, Orig: SystemAssignment), WO: None, Load: 0/10)
  Supervisor: None;   Subordinates: 0
  Performance: Not Evaluated (Warnings: 0, Last Review: Day N/A)
  Equipped Tool: None
  Final Needs: {'Social': 70, 'Energy': 100, 'Safety': 70, 'Belonging': 60, 'Esteem': 50}
  Inventory: {}
  Recent Memories (last 10):
    - Dawn Preparations begins — Citizens rise, stretch, and ready for the day..

Character(Name: Duke William, Rank: Duke, Job: Noble, Pos: (6,7), Goal: Goal(Type: IDLE, Prio: 10, Assignee: Duke William, Status: PENDING, Params: {}, Orig: SystemAssignment), WO: None, Load: 0/10)
  Supervisor: None;   Subordinates: 0
  Performance: Not Evaluated (Warnings: 0, Last Review: Day N/A)
  Equipped Tool: None
  Final Needs: {'Social': 70, 'Energy': 100, 'Safety': 70, 'Belonging': 60, 'Esteem': 50}
  Inventory: {}
  Recent Memories (last 10):
    - Dawn Preparations begins — Citizens rise, stretch, and ready for the day..

Character(Name: Baroness Sofia, Rank: Baroness, Job: Noble, Pos: (8,9), Goal: Goal(Type: IDLE, Prio: 10, Assignee: Baroness Sofia, Status: PENDING, Params: {}, Orig: SystemAssignment), WO: None, Load: 0/10)
  Supervisor: None;   Subordinates: 2
  Performance: Not Evaluated (Warnings: 0, Last Review: Day N/A)
  Equipped Tool: None
  Final Needs: {'Social': 70, 'Energy': 100, 'Safety': 70, 'Belonging': 60, 'Esteem': 50}
  Inventory: {}
  Recent Memories (last 10):
    - Dawn Preparations begins — Citizens rise, stretch, and ready for the day..

Character(Name: Reeve Thomas, Rank: Reeve, Job: Reeve, Pos: (9,9), Goal: Goal(Type: IDLE, Prio: 10, Assignee: Reeve Thomas, Status: PENDING, Params: {}, Orig: SystemAssignment), WO: None, Load: 0/10)
  Supervisor: Baroness Sofia;   Subordinates: 0
  Performance: Not Evaluated (Warnings: 0, Last Review: Day N/A)
  Equipped Tool: None
  Final Needs: {'Social': 70, 'Energy': 100, 'Safety': 70, 'Belonging': 60, 'Esteem': 50}
  Inventory: {}
  Recent Memories (last 10):
    - Dawn Preparations begins — Citizens rise, stretch, and ready for the day..
    - Estate managed. Resources checked (Food:0, Wood:40, Stone:0, Herbs:0). Directives noted: Gather 20 Food; Gather 20 Stone; Gather 20 Herbs.

Character(Name: Bailiff John, Rank: Bailiff, Job: Bailiff, Pos: (1,9), Goal: Goal(Type: IDLE, Prio: 10, Assignee: Bailiff John, Status: PENDING, Params: {}, Orig: SystemAssignment), WO: None, Load: 0/10)
  Supervisor: Baroness Sofia;   Subordinates: 0
  Performance: Not Evaluated (Warnings: 0, Last Review: Day N/A)
  Equipped Tool: None
  Final Needs: {'Social': 70, 'Energy': 100, 'Safety': 70, 'Belonging': 60, 'Esteem': 50}
  Inventory: {}
  Recent Memories (last 10):
    - Dawn Preparations begins — Citizens rise, stretch, and ready for the day..
    - No estate task provided; returning to patrol duties.

--- World Event Log (Last 50) ---
[D1 T0] Stockpile 'WoodStore' registered at tiles [(0, 3)].
[D1 T0] Stockpile 'WaterCasks' registered at tiles [(2, 3)].
[D1 T0] --- Initializing Game World (Server Mode) ---
[D1 T0] Added WoodStore stockpile with 40 Wood.
[D1 T0] Added WaterCasks stockpile with 24 Water.
[D1 T0]   Added: Liam (Job: Builder) at (2,1)
[D1 T0]   Added: Elara (Job: Noble, Rank: Noble Lord) at (5,5)
[D1 T0]   Added: Duke William (Job: Noble, Rank: Duke) at (7,7)
[D1 T0]   Added: Baroness Sofia (Job: Noble, Rank: Baroness) at (8,8)
[D1 T0]   Added: Reeve Thomas (Job: Reeve, Rank: Reeve) at (9,9)
[D1 T0]   Added: Bailiff John (Job: Bailiff, Rank: Bailiff) at (1,9)
[D1 T0] --- Simulation Server Initialized ---
[D1 T1] Day phase shifts to Dawn Preparations — Citizens rise, stretch, and ready for the day..
[D1 T1] Notable Event: PhaseShift - Phase changed to Dawn Preparations
[D1 T1] Resource directive for Food: gather at least 20 per trip (ordered by Reeve Thomas)
[D1 T1] Notable Event: ResourceDirective - Resource directive for Food: gather at least 20 per trip (ordered by Reeve Thomas)
[D1 T1] Resource directive for Stone: gather at least 20 per trip (ordered by Reeve Thomas)
[D1 T1] Notable Event: ResourceDirective - Resource directive for Stone: gather at least 20 per trip (ordered by Reeve Thomas)
[D1 T1] Resource directive for Herbs: gather at least 20 per trip (ordered by Reeve Thomas)
[D1 T1] Notable Event: ResourceDirective - Resource directive for Herbs: gather at least 20 per trip (ordered by Reeve Thomas)
[D1 T1] Reeve Thomas reviews the estate (resources: Food:0, Wood:40, Stone:0, Herbs:0; directives: Gather 20 Food; Gather 20 Stone; Gather 20 Herbs; bailiff tasks: 0).
Traceback (most recent call last):
  File "/app/game/main.py", line 671, in <module>
    with socketserver.TCPServer(("", PORT), Handler) as httpd:
         ^^^^^^^^^^^^^^^^^^^^^^^^^^^^^^^^^^^^^^^^^^^
  File "/home/jules/.pyenv/versions/3.12.11/lib/python3.12/socketserver.py", line 457, in __init__
    self.server_bind()
  File "/home/jules/.pyenv/versions/3.12.11/lib/python3.12/socketserver.py", line 478, in server_bind
    self.socket.bind(self.server_address)
OSError: [Errno 98] Address already in use
